// Jest Snapshot v1, https://goo.gl/fbAQLP

exports[`Drawer Tests should render Drawer 1`] = `
Object {
  "asFragment": [Function],
  "baseElement": <body>
    <div>
      <div
        class="sc-dIUeWJ cKomiU"
        style="transform: translateX(0px);"
      >
        <h2
          class="sc-bdfBQB fYtjUN"
        >
          Reddit Posts
        </h2>
        <ul
          class="sc-kstqJO cUuXRR"
          data-testid="@test:listings:ul"
        >
          <li
            class="sc-eCstlR kudgiM"
            data-testid="@test:list:TGlzdDp0M19wZmE1ajg="
            style="opacity: 1; font-size: 18px; transform: translateX(0px); padding: 12px 6px 12px 12px;"
          >
            <div
              class="sc-iqHYmW krZnLk"
            >
              <svg
                class="sc-kEjbQP drcvGi"
                data-testid="@test:list:TGlzdDp0M19wZmE1ajg=:unreadcircle"
                fill="currentColor"
                height="12"
                stroke="currentColor"
                stroke-width="0"
                viewBox="0 0 16 16"
                width="12"
                xmlns="http://www.w3.org/2000/svg"
              >
                <circle
                  cx="8"
                  cy="8"
                  r="8"
                />
              </svg>
              <span
                class="sc-crrszt eRsMGT"
              >
                Yevrah95
              </span>
              <span
                class="sc-dQoVA hqkYrc"
              >
                3 days ago
              </span>
            </div>
            <div
              class="sc-pGacB bOEeHe"
            >
              <img
                class="sc-fubCzh eXsbcD"
                src="https://b.thumbs.redditmedia.com/Y1309G6Yv077MAGn8mvvCD7_Iq62YhyxjGAVwgRVofA.jpg"
              />
              <p
                class="sc-iBPTik dRhPnc"
              >
                He's been trying to get a PS5 for months - I just happened to find one my local Curry's. He's gonna freak when he wakes up
              </p>
              <svg
                class="sc-jrAFXE cEWMQq"
                fill="currentColor"
                height="18"
                stroke="currentColor"
                stroke-width="0"
                viewBox="0 0 16 16"
                width="18"
                xmlns="http://www.w3.org/2000/svg"
              >
                <path
                  clip-rule="evenodd"
                  d="M4.646 1.646a.5.5 0 01.708 0l6 6a.5.5 0 010 .708l-6 6a.5.5 0 01-.708-.708L10.293 8 4.646 2.354a.5.5 0 010-.708z"
                  fill-rule="evenodd"
                />
              </svg>
            </div>
            <div
              class="sc-gKseQn fdhBAL"
            >
              <div
                class="sc-jSgvzq gOBDhw"
                data-testid="@test:dismiss:list:TGlzdDp0M19wZmE1ajg="
              >
                <svg
                  class="sc-hKgJUU hwUPeY"
                  fill="currentColor"
                  height="1em"
                  stroke="currentColor"
                  stroke-width="0"
                  style="width: 18px; height: 18px;"
                  viewBox="0 0 16 16"
                  width="1em"
                  xmlns="http://www.w3.org/2000/svg"
                >
                  <path
                    clip-rule="evenodd"
                    d="M8 15A7 7 0 108 1a7 7 0 000 14zm0 1A8 8 0 108 0a8 8 0 000 16z"
                    fill-rule="evenodd"
                  />
                  <path
                    clip-rule="evenodd"
                    d="M11.854 4.146a.5.5 0 010 .708l-7 7a.5.5 0 01-.708-.708l7-7a.5.5 0 01.708 0z"
                    fill-rule="evenodd"
                  />
                  <path
                    clip-rule="evenodd"
                    d="M4.146 4.146a.5.5 0 000 .708l7 7a.5.5 0 00.708-.708l-7-7a.5.5 0 00-.708 0z"
                    fill-rule="evenodd"
                  />
                </svg>
                <span
                  class="sc-dlfnuX gDZQpH"
                  style="font-weight: 400;"
                >
                  Dismiss Post
                </span>
              </div>
              <span
                class="sc-gsTEea gXmaEJ"
              >
                2724
                 comments
              </span>
            </div>
          </li>
          <li
            class="sc-eCstlR kudgiM"
            data-testid="@test:list:TGlzdDp0M19wZjlqaXQ="
            style="opacity: 1; font-size: 18px; transform: translateX(0px); padding: 12px 6px 12px 12px;"
          >
            <div
              class="sc-iqHYmW krZnLk"
            >
              <svg
                class="sc-kEjbQP drcvGi"
                data-testid="@test:list:TGlzdDp0M19wZjlqaXQ=:unreadcircle"
                fill="currentColor"
                height="12"
                stroke="currentColor"
                stroke-width="0"
                viewBox="0 0 16 16"
                width="12"
                xmlns="http://www.w3.org/2000/svg"
              >
                <circle
                  cx="8"
                  cy="8"
                  r="8"
                />
              </svg>
              <span
                class="sc-crrszt eRsMGT"
              >
                regian24
              </span>
              <span
                class="sc-dQoVA hqkYrc"
              >
                3 days ago
              </span>
            </div>
            <div
              class="sc-pGacB bOEeHe"
            >
              <img
                class="sc-fubCzh eXsbcD"
                src="https://a.thumbs.redditmedia.com/szXFQxAARqHwL5wpd9mI0drMa3iKQp4vIi-Nsh3RZn0.jpg"
              />
              <p
                class="sc-iBPTik dRhPnc"
              >
                Man gets electrocuted while holding child. Red shirt guy saves the day
              </p>
              <svg
                class="sc-jrAFXE cEWMQq"
                fill="currentColor"
                height="18"
                stroke="currentColor"
                stroke-width="0"
                viewBox="0 0 16 16"
                width="18"
                xmlns="http://www.w3.org/2000/svg"
              >
                <path
                  clip-rule="evenodd"
                  d="M4.646 1.646a.5.5 0 01.708 0l6 6a.5.5 0 010 .708l-6 6a.5.5 0 01-.708-.708L10.293 8 4.646 2.354a.5.5 0 010-.708z"
                  fill-rule="evenodd"
                />
              </svg>
            </div>
            <div
              class="sc-gKseQn fdhBAL"
            >
              <div
                class="sc-jSgvzq gOBDhw"
                data-testid="@test:dismiss:list:TGlzdDp0M19wZjlqaXQ="
              >
                <svg
                  class="sc-hKgJUU hwUPeY"
                  fill="currentColor"
                  height="1em"
                  stroke="currentColor"
                  stroke-width="0"
                  style="width: 18px; height: 18px;"
                  viewBox="0 0 16 16"
                  width="1em"
                  xmlns="http://www.w3.org/2000/svg"
                >
                  <path
                    clip-rule="evenodd"
                    d="M8 15A7 7 0 108 1a7 7 0 000 14zm0 1A8 8 0 108 0a8 8 0 000 16z"
                    fill-rule="evenodd"
                  />
                  <path
                    clip-rule="evenodd"
                    d="M11.854 4.146a.5.5 0 010 .708l-7 7a.5.5 0 01-.708-.708l7-7a.5.5 0 01.708 0z"
                    fill-rule="evenodd"
                  />
                  <path
                    clip-rule="evenodd"
                    d="M4.146 4.146a.5.5 0 000 .708l7 7a.5.5 0 00.708-.708l-7-7a.5.5 0 00-.708 0z"
                    fill-rule="evenodd"
                  />
                </svg>
                <span
                  class="sc-dlfnuX gDZQpH"
                  style="font-weight: 400;"
                >
                  Dismiss Post
                </span>
              </div>
              <span
                class="sc-gsTEea gXmaEJ"
              >
                4178
                 comments
              </span>
            </div>
          </li>
          <li
            class="sc-eCstlR kudgiM"
            data-testid="@test:list:TGlzdDp0M19wZjY5c3A="
            style="opacity: 1; font-size: 18px; transform: translateX(0px); padding: 12px 6px 12px 12px;"
          >
            <div
              class="sc-iqHYmW krZnLk"
            >
              <svg
                class="sc-kEjbQP drcvGi"
                data-testid="@test:list:TGlzdDp0M19wZjY5c3A=:unreadcircle"
                fill="currentColor"
                height="12"
                stroke="currentColor"
                stroke-width="0"
                viewBox="0 0 16 16"
                width="12"
                xmlns="http://www.w3.org/2000/svg"
              >
                <circle
                  cx="8"
                  cy="8"
                  r="8"
                />
              </svg>
              <span
                class="sc-crrszt eRsMGT"
              >
                Sensitive_Attitude27
              </span>
              <span
                class="sc-dQoVA hqkYrc"
              >
                3 days ago
              </span>
            </div>
            <div
              class="sc-pGacB bOEeHe"
            >
              <img
                class="sc-fubCzh eXsbcD"
                src="https://b.thumbs.redditmedia.com/Zf_KS0Wy1T0pE_3d4rBTYbGTEeJ_E0hrIMjdeORanLA.jpg"
              />
              <p
                class="sc-iBPTik dRhPnc"
              >
                Thick, beautiful and gorgeous hair...
              </p>
              <svg
                class="sc-jrAFXE cEWMQq"
                fill="currentColor"
                height="18"
                stroke="currentColor"
                stroke-width="0"
                viewBox="0 0 16 16"
                width="18"
                xmlns="http://www.w3.org/2000/svg"
              >
                <path
                  clip-rule="evenodd"
                  d="M4.646 1.646a.5.5 0 01.708 0l6 6a.5.5 0 010 .708l-6 6a.5.5 0 01-.708-.708L10.293 8 4.646 2.354a.5.5 0 010-.708z"
                  fill-rule="evenodd"
                />
              </svg>
            </div>
            <div
              class="sc-gKseQn fdhBAL"
            >
              <div
                class="sc-jSgvzq gOBDhw"
                data-testid="@test:dismiss:list:TGlzdDp0M19wZjY5c3A="
              >
                <svg
                  class="sc-hKgJUU hwUPeY"
                  fill="currentColor"
                  height="1em"
                  stroke="currentColor"
                  stroke-width="0"
                  style="width: 18px; height: 18px;"
                  viewBox="0 0 16 16"
                  width="1em"
                  xmlns="http://www.w3.org/2000/svg"
                >
                  <path
                    clip-rule="evenodd"
                    d="M8 15A7 7 0 108 1a7 7 0 000 14zm0 1A8 8 0 108 0a8 8 0 000 16z"
                    fill-rule="evenodd"
                  />
                  <path
                    clip-rule="evenodd"
                    d="M11.854 4.146a.5.5 0 010 .708l-7 7a.5.5 0 01-.708-.708l7-7a.5.5 0 01.708 0z"
                    fill-rule="evenodd"
                  />
                  <path
                    clip-rule="evenodd"
                    d="M4.146 4.146a.5.5 0 000 .708l7 7a.5.5 0 00.708-.708l-7-7a.5.5 0 00-.708 0z"
                    fill-rule="evenodd"
                  />
                </svg>
                <span
                  class="sc-dlfnuX gDZQpH"
                  style="font-weight: 400;"
                >
                  Dismiss Post
                </span>
              </div>
              <span
                class="sc-gsTEea gXmaEJ"
              >
                1469
                 comments
              </span>
            </div>
          </li>
          <li
            class="sc-eCstlR kudgiM"
            data-testid="@test:list:TGlzdDp0M19wZmE3aTE="
            style="opacity: 1; font-size: 18px; transform: translateX(0px); padding: 12px 6px 12px 12px;"
          >
            <div
              class="sc-iqHYmW krZnLk"
            >
              <svg
                class="sc-kEjbQP drcvGi"
                data-testid="@test:list:TGlzdDp0M19wZmE3aTE=:unreadcircle"
                fill="currentColor"
                height="12"
                stroke="currentColor"
                stroke-width="0"
                viewBox="0 0 16 16"
                width="12"
                xmlns="http://www.w3.org/2000/svg"
              >
                <circle
                  cx="8"
                  cy="8"
                  r="8"
                />
              </svg>
              <span
                class="sc-crrszt eRsMGT"
              >
                Straight_Orchid2834
              </span>
              <span
                class="sc-dQoVA hqkYrc"
              >
                3 days ago
              </span>
            </div>
            <div
              class="sc-pGacB bOEeHe"
            >
              <img
                class="sc-fubCzh eXsbcD"
                src="https://b.thumbs.redditmedia.com/VTowzL2sD06AcDFptGeJFQgW1ecL7IGnE3stfQOomUA.jpg"
              />
              <p
                class="sc-iBPTik dRhPnc"
              >
                Mens fantasies
              </p>
              <svg
                class="sc-jrAFXE cEWMQq"
                fill="currentColor"
                height="18"
                stroke="currentColor"
                stroke-width="0"
                viewBox="0 0 16 16"
                width="18"
                xmlns="http://www.w3.org/2000/svg"
              >
                <path
                  clip-rule="evenodd"
                  d="M4.646 1.646a.5.5 0 01.708 0l6 6a.5.5 0 010 .708l-6 6a.5.5 0 01-.708-.708L10.293 8 4.646 2.354a.5.5 0 010-.708z"
                  fill-rule="evenodd"
                />
              </svg>
            </div>
            <div
              class="sc-gKseQn fdhBAL"
            >
              <div
                class="sc-jSgvzq gOBDhw"
                data-testid="@test:dismiss:list:TGlzdDp0M19wZmE3aTE="
              >
                <svg
                  class="sc-hKgJUU hwUPeY"
                  fill="currentColor"
                  height="1em"
                  stroke="currentColor"
                  stroke-width="0"
                  style="width: 18px; height: 18px;"
                  viewBox="0 0 16 16"
                  width="1em"
                  xmlns="http://www.w3.org/2000/svg"
                >
                  <path
                    clip-rule="evenodd"
                    d="M8 15A7 7 0 108 1a7 7 0 000 14zm0 1A8 8 0 108 0a8 8 0 000 16z"
                    fill-rule="evenodd"
                  />
                  <path
                    clip-rule="evenodd"
                    d="M11.854 4.146a.5.5 0 010 .708l-7 7a.5.5 0 01-.708-.708l7-7a.5.5 0 01.708 0z"
                    fill-rule="evenodd"
                  />
                  <path
                    clip-rule="evenodd"
                    d="M4.146 4.146a.5.5 0 000 .708l7 7a.5.5 0 00.708-.708l-7-7a.5.5 0 00-.708 0z"
                    fill-rule="evenodd"
                  />
                </svg>
                <span
                  class="sc-dlfnuX gDZQpH"
                  style="font-weight: 400;"
                >
                  Dismiss Post
                </span>
              </div>
              <span
                class="sc-gsTEea gXmaEJ"
              >
                2664
                 comments
              </span>
            </div>
          </li>
          <li
            class="sc-eCstlR kudgiM"
            data-testid="@test:list:TGlzdDp0M19wZjZtZnk="
            style="opacity: 1; font-size: 18px; transform: translateX(0px); padding: 12px 6px 12px 12px;"
          >
            <div
              class="sc-iqHYmW krZnLk"
            >
              <svg
                class="sc-kEjbQP drcvGi"
                data-testid="@test:list:TGlzdDp0M19wZjZtZnk=:unreadcircle"
                fill="currentColor"
                height="12"
                stroke="currentColor"
                stroke-width="0"
                viewBox="0 0 16 16"
                width="12"
                xmlns="http://www.w3.org/2000/svg"
              >
                <circle
                  cx="8"
                  cy="8"
                  r="8"
                />
              </svg>
              <span
                class="sc-crrszt eRsMGT"
              >
                crasshumor
              </span>
              <span
                class="sc-dQoVA hqkYrc"
              >
                3 days ago
              </span>
            </div>
            <div
              class="sc-pGacB bOEeHe"
            >
              <img
                class="sc-fubCzh eXsbcD"
                src="https://b.thumbs.redditmedia.com/gBAsQ121fsuqS3lL953fQSUiiVp7FlBc0u9xeIGt4IA.jpg"
              />
              <p
                class="sc-iBPTik dRhPnc"
              >
                BBC reporter randomly asking if they remember the 1976 FA Cup match, ends up asking the Liverpool goalkeeper who played in it (wholesome)
              </p>
              <svg
                class="sc-jrAFXE cEWMQq"
                fill="currentColor"
                height="18"
                stroke="currentColor"
                stroke-width="0"
                viewBox="0 0 16 16"
                width="18"
                xmlns="http://www.w3.org/2000/svg"
              >
                <path
                  clip-rule="evenodd"
                  d="M4.646 1.646a.5.5 0 01.708 0l6 6a.5.5 0 010 .708l-6 6a.5.5 0 01-.708-.708L10.293 8 4.646 2.354a.5.5 0 010-.708z"
                  fill-rule="evenodd"
                />
              </svg>
            </div>
            <div
              class="sc-gKseQn fdhBAL"
            >
              <div
                class="sc-jSgvzq gOBDhw"
                data-testid="@test:dismiss:list:TGlzdDp0M19wZjZtZnk="
              >
                <svg
                  class="sc-hKgJUU hwUPeY"
                  fill="currentColor"
                  height="1em"
                  stroke="currentColor"
                  stroke-width="0"
                  style="width: 18px; height: 18px;"
                  viewBox="0 0 16 16"
                  width="1em"
                  xmlns="http://www.w3.org/2000/svg"
                >
                  <path
                    clip-rule="evenodd"
                    d="M8 15A7 7 0 108 1a7 7 0 000 14zm0 1A8 8 0 108 0a8 8 0 000 16z"
                    fill-rule="evenodd"
                  />
                  <path
                    clip-rule="evenodd"
                    d="M11.854 4.146a.5.5 0 010 .708l-7 7a.5.5 0 01-.708-.708l7-7a.5.5 0 01.708 0z"
                    fill-rule="evenodd"
                  />
                  <path
                    clip-rule="evenodd"
                    d="M4.146 4.146a.5.5 0 000 .708l7 7a.5.5 0 00.708-.708l-7-7a.5.5 0 00-.708 0z"
                    fill-rule="evenodd"
                  />
                </svg>
                <span
                  class="sc-dlfnuX gDZQpH"
                  style="font-weight: 400;"
                >
                  Dismiss Post
                </span>
              </div>
              <span
                class="sc-gsTEea gXmaEJ"
              >
                948
                 comments
              </span>
            </div>
          </li>
          <li
            class="sc-eCstlR kudgiM"
            data-testid="@test:list:TGlzdDp0M19wZjNiNm4="
            style="opacity: 1; font-size: 18px; transform: translateX(0px); padding: 12px 6px 12px 12px;"
          >
            <div
              class="sc-iqHYmW krZnLk"
            >
              <svg
                class="sc-kEjbQP drcvGi"
                data-testid="@test:list:TGlzdDp0M19wZjNiNm4=:unreadcircle"
                fill="currentColor"
                height="12"
                stroke="currentColor"
                stroke-width="0"
                viewBox="0 0 16 16"
                width="12"
                xmlns="http://www.w3.org/2000/svg"
              >
                <circle
                  cx="8"
                  cy="8"
                  r="8"
                />
              </svg>
              <span
                class="sc-crrszt eRsMGT"
              >
                Arl107
              </span>
              <span
                class="sc-dQoVA hqkYrc"
              >
                3 days ago
              </span>
            </div>
            <div
              class="sc-pGacB bOEeHe"
            >
              <img
                class="sc-fubCzh eXsbcD"
                src="https://b.thumbs.redditmedia.com/PatEMtGE9kRS0HkKPjtDO3tI-kOAK98oFffTASoUhQg.jpg"
              />
              <p
                class="sc-iBPTik dRhPnc"
              >
                This guy lmao
              </p>
              <svg
                class="sc-jrAFXE cEWMQq"
                fill="currentColor"
                height="18"
                stroke="currentColor"
                stroke-width="0"
                viewBox="0 0 16 16"
                width="18"
                xmlns="http://www.w3.org/2000/svg"
              >
                <path
                  clip-rule="evenodd"
                  d="M4.646 1.646a.5.5 0 01.708 0l6 6a.5.5 0 010 .708l-6 6a.5.5 0 01-.708-.708L10.293 8 4.646 2.354a.5.5 0 010-.708z"
                  fill-rule="evenodd"
                />
              </svg>
            </div>
            <div
              class="sc-gKseQn fdhBAL"
            >
              <div
                class="sc-jSgvzq gOBDhw"
                data-testid="@test:dismiss:list:TGlzdDp0M19wZjNiNm4="
              >
                <svg
                  class="sc-hKgJUU hwUPeY"
                  fill="currentColor"
                  height="1em"
                  stroke="currentColor"
                  stroke-width="0"
                  style="width: 18px; height: 18px;"
                  viewBox="0 0 16 16"
                  width="1em"
                  xmlns="http://www.w3.org/2000/svg"
                >
                  <path
                    clip-rule="evenodd"
                    d="M8 15A7 7 0 108 1a7 7 0 000 14zm0 1A8 8 0 108 0a8 8 0 000 16z"
                    fill-rule="evenodd"
                  />
                  <path
                    clip-rule="evenodd"
                    d="M11.854 4.146a.5.5 0 010 .708l-7 7a.5.5 0 01-.708-.708l7-7a.5.5 0 01.708 0z"
                    fill-rule="evenodd"
                  />
                  <path
                    clip-rule="evenodd"
                    d="M4.146 4.146a.5.5 0 000 .708l7 7a.5.5 0 00.708-.708l-7-7a.5.5 0 00-.708 0z"
                    fill-rule="evenodd"
                  />
                </svg>
                <span
                  class="sc-dlfnuX gDZQpH"
                  style="font-weight: 400;"
                >
                  Dismiss Post
                </span>
              </div>
              <span
                class="sc-gsTEea gXmaEJ"
              >
                1066
                 comments
              </span>
            </div>
          </li>
          <li
            class="sc-eCstlR kudgiM"
            data-testid="@test:list:TGlzdDp0M19wZmM2M3Q="
            style="opacity: 1; font-size: 18px; transform: translateX(0px); padding: 12px 6px 12px 12px;"
          >
            <div
              class="sc-iqHYmW krZnLk"
            >
              <svg
                class="sc-kEjbQP drcvGi"
                data-testid="@test:list:TGlzdDp0M19wZmM2M3Q=:unreadcircle"
                fill="currentColor"
                height="12"
                stroke="currentColor"
                stroke-width="0"
                viewBox="0 0 16 16"
                width="12"
                xmlns="http://www.w3.org/2000/svg"
              >
                <circle
                  cx="8"
                  cy="8"
                  r="8"
                />
              </svg>
              <span
                class="sc-crrszt eRsMGT"
              >
                Known_Marzipan_2629
              </span>
              <span
                class="sc-dQoVA hqkYrc"
              >
                2 days ago
              </span>
            </div>
            <div
              class="sc-pGacB bOEeHe"
            >
              <img
                class="sc-fubCzh eXsbcD"
                src="https://b.thumbs.redditmedia.com/K9xWLgUpG65NWonykZClWBRQAfeHQR1xEMFXNKtbWOI.jpg"
              />
              <p
                class="sc-iBPTik dRhPnc"
              >
                Guy saves woman (and her baby) from committing suicide
              </p>
              <svg
                class="sc-jrAFXE cEWMQq"
                fill="currentColor"
                height="18"
                stroke="currentColor"
                stroke-width="0"
                viewBox="0 0 16 16"
                width="18"
                xmlns="http://www.w3.org/2000/svg"
              >
                <path
                  clip-rule="evenodd"
                  d="M4.646 1.646a.5.5 0 01.708 0l6 6a.5.5 0 010 .708l-6 6a.5.5 0 01-.708-.708L10.293 8 4.646 2.354a.5.5 0 010-.708z"
                  fill-rule="evenodd"
                />
              </svg>
            </div>
            <div
              class="sc-gKseQn fdhBAL"
            >
              <div
                class="sc-jSgvzq gOBDhw"
                data-testid="@test:dismiss:list:TGlzdDp0M19wZmM2M3Q="
              >
                <svg
                  class="sc-hKgJUU hwUPeY"
                  fill="currentColor"
                  height="1em"
                  stroke="currentColor"
                  stroke-width="0"
                  style="width: 18px; height: 18px;"
                  viewBox="0 0 16 16"
                  width="1em"
                  xmlns="http://www.w3.org/2000/svg"
                >
                  <path
                    clip-rule="evenodd"
                    d="M8 15A7 7 0 108 1a7 7 0 000 14zm0 1A8 8 0 108 0a8 8 0 000 16z"
                    fill-rule="evenodd"
                  />
                  <path
                    clip-rule="evenodd"
                    d="M11.854 4.146a.5.5 0 010 .708l-7 7a.5.5 0 01-.708-.708l7-7a.5.5 0 01.708 0z"
                    fill-rule="evenodd"
                  />
                  <path
                    clip-rule="evenodd"
                    d="M4.146 4.146a.5.5 0 000 .708l7 7a.5.5 0 00.708-.708l-7-7a.5.5 0 00-.708 0z"
                    fill-rule="evenodd"
                  />
                </svg>
                <span
                  class="sc-dlfnuX gDZQpH"
                  style="font-weight: 400;"
                >
                  Dismiss Post
                </span>
              </div>
              <span
                class="sc-gsTEea gXmaEJ"
              >
                609
                 comments
              </span>
            </div>
          </li>
        </ul>
        <button
          class="sc-bqyKOL hbMfpI"
          data-testid="@test:listings:dismissAllBtn"
        >
          Dismiss All
        </button>
      </div>
    </div>
  </body>,
  "container": <div>
    <div
      class="sc-dIUeWJ cKomiU"
      style="transform: translateX(0px);"
    >
      <h2
        class="sc-bdfBQB fYtjUN"
      >
        Reddit Posts
      </h2>
      <ul
        class="sc-kstqJO cUuXRR"
        data-testid="@test:listings:ul"
      >
        <li
          class="sc-eCstlR kudgiM"
          data-testid="@test:list:TGlzdDp0M19wZmE1ajg="
          style="opacity: 1; font-size: 18px; transform: translateX(0px); padding: 12px 6px 12px 12px;"
        >
          <div
            class="sc-iqHYmW krZnLk"
          >
            <svg
              class="sc-kEjbQP drcvGi"
              data-testid="@test:list:TGlzdDp0M19wZmE1ajg=:unreadcircle"
              fill="currentColor"
              height="12"
              stroke="currentColor"
              stroke-width="0"
              viewBox="0 0 16 16"
              width="12"
              xmlns="http://www.w3.org/2000/svg"
            >
              <circle
                cx="8"
                cy="8"
                r="8"
              />
            </svg>
            <span
              class="sc-crrszt eRsMGT"
            >
              Yevrah95
            </span>
            <span
              class="sc-dQoVA hqkYrc"
            >
              3 days ago
            </span>
          </div>
          <div
            class="sc-pGacB bOEeHe"
          >
            <img
              class="sc-fubCzh eXsbcD"
              src="https://b.thumbs.redditmedia.com/Y1309G6Yv077MAGn8mvvCD7_Iq62YhyxjGAVwgRVofA.jpg"
            />
            <p
              class="sc-iBPTik dRhPnc"
            >
              He's been trying to get a PS5 for months - I just happened to find one my local Curry's. He's gonna freak when he wakes up
            </p>
            <svg
              class="sc-jrAFXE cEWMQq"
              fill="currentColor"
              height="18"
              stroke="currentColor"
              stroke-width="0"
              viewBox="0 0 16 16"
              width="18"
              xmlns="http://www.w3.org/2000/svg"
            >
              <path
                clip-rule="evenodd"
                d="M4.646 1.646a.5.5 0 01.708 0l6 6a.5.5 0 010 .708l-6 6a.5.5 0 01-.708-.708L10.293 8 4.646 2.354a.5.5 0 010-.708z"
                fill-rule="evenodd"
              />
            </svg>
          </div>
          <div
            class="sc-gKseQn fdhBAL"
          >
            <div
              class="sc-jSgvzq gOBDhw"
              data-testid="@test:dismiss:list:TGlzdDp0M19wZmE1ajg="
            >
              <svg
                class="sc-hKgJUU hwUPeY"
                fill="currentColor"
                height="1em"
                stroke="currentColor"
                stroke-width="0"
                style="width: 18px; height: 18px;"
                viewBox="0 0 16 16"
                width="1em"
                xmlns="http://www.w3.org/2000/svg"
              >
                <path
                  clip-rule="evenodd"
                  d="M8 15A7 7 0 108 1a7 7 0 000 14zm0 1A8 8 0 108 0a8 8 0 000 16z"
                  fill-rule="evenodd"
                />
                <path
                  clip-rule="evenodd"
                  d="M11.854 4.146a.5.5 0 010 .708l-7 7a.5.5 0 01-.708-.708l7-7a.5.5 0 01.708 0z"
                  fill-rule="evenodd"
                />
                <path
                  clip-rule="evenodd"
                  d="M4.146 4.146a.5.5 0 000 .708l7 7a.5.5 0 00.708-.708l-7-7a.5.5 0 00-.708 0z"
                  fill-rule="evenodd"
                />
              </svg>
              <span
                class="sc-dlfnuX gDZQpH"
                style="font-weight: 400;"
              >
                Dismiss Post
              </span>
            </div>
            <span
              class="sc-gsTEea gXmaEJ"
            >
              2724
               comments
            </span>
          </div>
        </li>
        <li
          class="sc-eCstlR kudgiM"
          data-testid="@test:list:TGlzdDp0M19wZjlqaXQ="
          style="opacity: 1; font-size: 18px; transform: translateX(0px); padding: 12px 6px 12px 12px;"
        >
          <div
            class="sc-iqHYmW krZnLk"
          >
            <svg
              class="sc-kEjbQP drcvGi"
              data-testid="@test:list:TGlzdDp0M19wZjlqaXQ=:unreadcircle"
              fill="currentColor"
              height="12"
              stroke="currentColor"
              stroke-width="0"
              viewBox="0 0 16 16"
              width="12"
              xmlns="http://www.w3.org/2000/svg"
            >
              <circle
                cx="8"
                cy="8"
                r="8"
              />
            </svg>
            <span
              class="sc-crrszt eRsMGT"
            >
              regian24
            </span>
            <span
              class="sc-dQoVA hqkYrc"
            >
              3 days ago
            </span>
          </div>
          <div
            class="sc-pGacB bOEeHe"
          >
            <img
              class="sc-fubCzh eXsbcD"
              src="https://a.thumbs.redditmedia.com/szXFQxAARqHwL5wpd9mI0drMa3iKQp4vIi-Nsh3RZn0.jpg"
            />
            <p
              class="sc-iBPTik dRhPnc"
            >
              Man gets electrocuted while holding child. Red shirt guy saves the day
            </p>
            <svg
              class="sc-jrAFXE cEWMQq"
              fill="currentColor"
              height="18"
              stroke="currentColor"
              stroke-width="0"
              viewBox="0 0 16 16"
              width="18"
              xmlns="http://www.w3.org/2000/svg"
            >
              <path
                clip-rule="evenodd"
                d="M4.646 1.646a.5.5 0 01.708 0l6 6a.5.5 0 010 .708l-6 6a.5.5 0 01-.708-.708L10.293 8 4.646 2.354a.5.5 0 010-.708z"
                fill-rule="evenodd"
              />
            </svg>
          </div>
          <div
            class="sc-gKseQn fdhBAL"
          >
            <div
              class="sc-jSgvzq gOBDhw"
              data-testid="@test:dismiss:list:TGlzdDp0M19wZjlqaXQ="
            >
              <svg
                class="sc-hKgJUU hwUPeY"
                fill="currentColor"
                height="1em"
                stroke="currentColor"
                stroke-width="0"
                style="width: 18px; height: 18px;"
                viewBox="0 0 16 16"
                width="1em"
                xmlns="http://www.w3.org/2000/svg"
              >
                <path
                  clip-rule="evenodd"
                  d="M8 15A7 7 0 108 1a7 7 0 000 14zm0 1A8 8 0 108 0a8 8 0 000 16z"
                  fill-rule="evenodd"
                />
                <path
                  clip-rule="evenodd"
                  d="M11.854 4.146a.5.5 0 010 .708l-7 7a.5.5 0 01-.708-.708l7-7a.5.5 0 01.708 0z"
                  fill-rule="evenodd"
                />
                <path
                  clip-rule="evenodd"
                  d="M4.146 4.146a.5.5 0 000 .708l7 7a.5.5 0 00.708-.708l-7-7a.5.5 0 00-.708 0z"
                  fill-rule="evenodd"
                />
              </svg>
              <span
                class="sc-dlfnuX gDZQpH"
                style="font-weight: 400;"
              >
                Dismiss Post
              </span>
            </div>
            <span
              class="sc-gsTEea gXmaEJ"
            >
              4178
               comments
            </span>
          </div>
        </li>
        <li
          class="sc-eCstlR kudgiM"
          data-testid="@test:list:TGlzdDp0M19wZjY5c3A="
          style="opacity: 1; font-size: 18px; transform: translateX(0px); padding: 12px 6px 12px 12px;"
        >
          <div
            class="sc-iqHYmW krZnLk"
          >
            <svg
              class="sc-kEjbQP drcvGi"
              data-testid="@test:list:TGlzdDp0M19wZjY5c3A=:unreadcircle"
              fill="currentColor"
              height="12"
              stroke="currentColor"
              stroke-width="0"
              viewBox="0 0 16 16"
              width="12"
              xmlns="http://www.w3.org/2000/svg"
            >
              <circle
                cx="8"
                cy="8"
                r="8"
              />
            </svg>
            <span
              class="sc-crrszt eRsMGT"
            >
              Sensitive_Attitude27
            </span>
            <span
              class="sc-dQoVA hqkYrc"
            >
              3 days ago
            </span>
          </div>
          <div
            class="sc-pGacB bOEeHe"
          >
            <img
              class="sc-fubCzh eXsbcD"
              src="https://b.thumbs.redditmedia.com/Zf_KS0Wy1T0pE_3d4rBTYbGTEeJ_E0hrIMjdeORanLA.jpg"
            />
            <p
              class="sc-iBPTik dRhPnc"
            >
              Thick, beautiful and gorgeous hair...
            </p>
            <svg
              class="sc-jrAFXE cEWMQq"
              fill="currentColor"
              height="18"
              stroke="currentColor"
              stroke-width="0"
              viewBox="0 0 16 16"
              width="18"
              xmlns="http://www.w3.org/2000/svg"
            >
              <path
                clip-rule="evenodd"
                d="M4.646 1.646a.5.5 0 01.708 0l6 6a.5.5 0 010 .708l-6 6a.5.5 0 01-.708-.708L10.293 8 4.646 2.354a.5.5 0 010-.708z"
                fill-rule="evenodd"
              />
            </svg>
          </div>
          <div
            class="sc-gKseQn fdhBAL"
          >
            <div
              class="sc-jSgvzq gOBDhw"
              data-testid="@test:dismiss:list:TGlzdDp0M19wZjY5c3A="
            >
              <svg
                class="sc-hKgJUU hwUPeY"
                fill="currentColor"
                height="1em"
                stroke="currentColor"
                stroke-width="0"
                style="width: 18px; height: 18px;"
                viewBox="0 0 16 16"
                width="1em"
                xmlns="http://www.w3.org/2000/svg"
              >
                <path
                  clip-rule="evenodd"
                  d="M8 15A7 7 0 108 1a7 7 0 000 14zm0 1A8 8 0 108 0a8 8 0 000 16z"
                  fill-rule="evenodd"
                />
                <path
                  clip-rule="evenodd"
                  d="M11.854 4.146a.5.5 0 010 .708l-7 7a.5.5 0 01-.708-.708l7-7a.5.5 0 01.708 0z"
                  fill-rule="evenodd"
                />
                <path
                  clip-rule="evenodd"
                  d="M4.146 4.146a.5.5 0 000 .708l7 7a.5.5 0 00.708-.708l-7-7a.5.5 0 00-.708 0z"
                  fill-rule="evenodd"
                />
              </svg>
              <span
                class="sc-dlfnuX gDZQpH"
                style="font-weight: 400;"
              >
                Dismiss Post
              </span>
            </div>
            <span
              class="sc-gsTEea gXmaEJ"
            >
              1469
               comments
            </span>
          </div>
        </li>
        <li
          class="sc-eCstlR kudgiM"
          data-testid="@test:list:TGlzdDp0M19wZmE3aTE="
          style="opacity: 1; font-size: 18px; transform: translateX(0px); padding: 12px 6px 12px 12px;"
        >
          <div
            class="sc-iqHYmW krZnLk"
          >
            <svg
              class="sc-kEjbQP drcvGi"
              data-testid="@test:list:TGlzdDp0M19wZmE3aTE=:unreadcircle"
              fill="currentColor"
              height="12"
              stroke="currentColor"
              stroke-width="0"
              viewBox="0 0 16 16"
              width="12"
              xmlns="http://www.w3.org/2000/svg"
            >
              <circle
                cx="8"
                cy="8"
                r="8"
              />
            </svg>
            <span
              class="sc-crrszt eRsMGT"
            >
              Straight_Orchid2834
            </span>
            <span
              class="sc-dQoVA hqkYrc"
            >
              3 days ago
            </span>
          </div>
          <div
            class="sc-pGacB bOEeHe"
          >
            <img
              class="sc-fubCzh eXsbcD"
              src="https://b.thumbs.redditmedia.com/VTowzL2sD06AcDFptGeJFQgW1ecL7IGnE3stfQOomUA.jpg"
            />
            <p
              class="sc-iBPTik dRhPnc"
            >
              Mens fantasies
            </p>
            <svg
              class="sc-jrAFXE cEWMQq"
              fill="currentColor"
              height="18"
              stroke="currentColor"
              stroke-width="0"
              viewBox="0 0 16 16"
              width="18"
              xmlns="http://www.w3.org/2000/svg"
            >
              <path
                clip-rule="evenodd"
                d="M4.646 1.646a.5.5 0 01.708 0l6 6a.5.5 0 010 .708l-6 6a.5.5 0 01-.708-.708L10.293 8 4.646 2.354a.5.5 0 010-.708z"
                fill-rule="evenodd"
              />
            </svg>
          </div>
          <div
            class="sc-gKseQn fdhBAL"
          >
            <div
              class="sc-jSgvzq gOBDhw"
              data-testid="@test:dismiss:list:TGlzdDp0M19wZmE3aTE="
            >
              <svg
                class="sc-hKgJUU hwUPeY"
                fill="currentColor"
                height="1em"
                stroke="currentColor"
                stroke-width="0"
                style="width: 18px; height: 18px;"
                viewBox="0 0 16 16"
                width="1em"
                xmlns="http://www.w3.org/2000/svg"
              >
                <path
                  clip-rule="evenodd"
                  d="M8 15A7 7 0 108 1a7 7 0 000 14zm0 1A8 8 0 108 0a8 8 0 000 16z"
                  fill-rule="evenodd"
                />
                <path
                  clip-rule="evenodd"
                  d="M11.854 4.146a.5.5 0 010 .708l-7 7a.5.5 0 01-.708-.708l7-7a.5.5 0 01.708 0z"
                  fill-rule="evenodd"
                />
                <path
                  clip-rule="evenodd"
                  d="M4.146 4.146a.5.5 0 000 .708l7 7a.5.5 0 00.708-.708l-7-7a.5.5 0 00-.708 0z"
                  fill-rule="evenodd"
                />
              </svg>
              <span
                class="sc-dlfnuX gDZQpH"
                style="font-weight: 400;"
              >
                Dismiss Post
              </span>
            </div>
            <span
              class="sc-gsTEea gXmaEJ"
            >
              2664
               comments
            </span>
          </div>
        </li>
        <li
          class="sc-eCstlR kudgiM"
          data-testid="@test:list:TGlzdDp0M19wZjZtZnk="
          style="opacity: 1; font-size: 18px; transform: translateX(0px); padding: 12px 6px 12px 12px;"
        >
          <div
            class="sc-iqHYmW krZnLk"
          >
            <svg
              class="sc-kEjbQP drcvGi"
              data-testid="@test:list:TGlzdDp0M19wZjZtZnk=:unreadcircle"
              fill="currentColor"
              height="12"
              stroke="currentColor"
              stroke-width="0"
              viewBox="0 0 16 16"
              width="12"
              xmlns="http://www.w3.org/2000/svg"
            >
              <circle
                cx="8"
                cy="8"
                r="8"
              />
            </svg>
            <span
              class="sc-crrszt eRsMGT"
            >
              crasshumor
            </span>
            <span
              class="sc-dQoVA hqkYrc"
            >
              3 days ago
            </span>
          </div>
          <div
            class="sc-pGacB bOEeHe"
          >
            <img
              class="sc-fubCzh eXsbcD"
              src="https://b.thumbs.redditmedia.com/gBAsQ121fsuqS3lL953fQSUiiVp7FlBc0u9xeIGt4IA.jpg"
            />
            <p
              class="sc-iBPTik dRhPnc"
            >
              BBC reporter randomly asking if they remember the 1976 FA Cup match, ends up asking the Liverpool goalkeeper who played in it (wholesome)
            </p>
            <svg
              class="sc-jrAFXE cEWMQq"
              fill="currentColor"
              height="18"
              stroke="currentColor"
              stroke-width="0"
              viewBox="0 0 16 16"
              width="18"
              xmlns="http://www.w3.org/2000/svg"
            >
              <path
                clip-rule="evenodd"
                d="M4.646 1.646a.5.5 0 01.708 0l6 6a.5.5 0 010 .708l-6 6a.5.5 0 01-.708-.708L10.293 8 4.646 2.354a.5.5 0 010-.708z"
                fill-rule="evenodd"
              />
            </svg>
          </div>
          <div
            class="sc-gKseQn fdhBAL"
          >
            <div
              class="sc-jSgvzq gOBDhw"
              data-testid="@test:dismiss:list:TGlzdDp0M19wZjZtZnk="
            >
              <svg
                class="sc-hKgJUU hwUPeY"
                fill="currentColor"
                height="1em"
                stroke="currentColor"
                stroke-width="0"
                style="width: 18px; height: 18px;"
                viewBox="0 0 16 16"
                width="1em"
                xmlns="http://www.w3.org/2000/svg"
              >
                <path
                  clip-rule="evenodd"
                  d="M8 15A7 7 0 108 1a7 7 0 000 14zm0 1A8 8 0 108 0a8 8 0 000 16z"
                  fill-rule="evenodd"
                />
                <path
                  clip-rule="evenodd"
                  d="M11.854 4.146a.5.5 0 010 .708l-7 7a.5.5 0 01-.708-.708l7-7a.5.5 0 01.708 0z"
                  fill-rule="evenodd"
                />
                <path
                  clip-rule="evenodd"
                  d="M4.146 4.146a.5.5 0 000 .708l7 7a.5.5 0 00.708-.708l-7-7a.5.5 0 00-.708 0z"
                  fill-rule="evenodd"
                />
              </svg>
              <span
                class="sc-dlfnuX gDZQpH"
                style="font-weight: 400;"
              >
                Dismiss Post
              </span>
            </div>
            <span
              class="sc-gsTEea gXmaEJ"
            >
              948
               comments
            </span>
          </div>
        </li>
        <li
          class="sc-eCstlR kudgiM"
          data-testid="@test:list:TGlzdDp0M19wZjNiNm4="
          style="opacity: 1; font-size: 18px; transform: translateX(0px); padding: 12px 6px 12px 12px;"
        >
          <div
            class="sc-iqHYmW krZnLk"
          >
            <svg
              class="sc-kEjbQP drcvGi"
              data-testid="@test:list:TGlzdDp0M19wZjNiNm4=:unreadcircle"
              fill="currentColor"
              height="12"
              stroke="currentColor"
              stroke-width="0"
              viewBox="0 0 16 16"
              width="12"
              xmlns="http://www.w3.org/2000/svg"
            >
              <circle
                cx="8"
                cy="8"
                r="8"
              />
            </svg>
            <span
              class="sc-crrszt eRsMGT"
            >
              Arl107
            </span>
            <span
              class="sc-dQoVA hqkYrc"
            >
              3 days ago
            </span>
          </div>
          <div
            class="sc-pGacB bOEeHe"
          >
            <img
              class="sc-fubCzh eXsbcD"
              src="https://b.thumbs.redditmedia.com/PatEMtGE9kRS0HkKPjtDO3tI-kOAK98oFffTASoUhQg.jpg"
            />
            <p
              class="sc-iBPTik dRhPnc"
            >
              This guy lmao
            </p>
            <svg
              class="sc-jrAFXE cEWMQq"
              fill="currentColor"
              height="18"
              stroke="currentColor"
              stroke-width="0"
              viewBox="0 0 16 16"
              width="18"
              xmlns="http://www.w3.org/2000/svg"
            >
              <path
                clip-rule="evenodd"
                d="M4.646 1.646a.5.5 0 01.708 0l6 6a.5.5 0 010 .708l-6 6a.5.5 0 01-.708-.708L10.293 8 4.646 2.354a.5.5 0 010-.708z"
                fill-rule="evenodd"
              />
            </svg>
          </div>
          <div
            class="sc-gKseQn fdhBAL"
          >
            <div
              class="sc-jSgvzq gOBDhw"
              data-testid="@test:dismiss:list:TGlzdDp0M19wZjNiNm4="
            >
              <svg
                class="sc-hKgJUU hwUPeY"
                fill="currentColor"
                height="1em"
                stroke="currentColor"
                stroke-width="0"
                style="width: 18px; height: 18px;"
                viewBox="0 0 16 16"
                width="1em"
                xmlns="http://www.w3.org/2000/svg"
              >
                <path
                  clip-rule="evenodd"
                  d="M8 15A7 7 0 108 1a7 7 0 000 14zm0 1A8 8 0 108 0a8 8 0 000 16z"
                  fill-rule="evenodd"
                />
                <path
                  clip-rule="evenodd"
                  d="M11.854 4.146a.5.5 0 010 .708l-7 7a.5.5 0 01-.708-.708l7-7a.5.5 0 01.708 0z"
                  fill-rule="evenodd"
                />
                <path
                  clip-rule="evenodd"
                  d="M4.146 4.146a.5.5 0 000 .708l7 7a.5.5 0 00.708-.708l-7-7a.5.5 0 00-.708 0z"
                  fill-rule="evenodd"
                />
              </svg>
              <span
                class="sc-dlfnuX gDZQpH"
                style="font-weight: 400;"
              >
                Dismiss Post
              </span>
            </div>
            <span
              class="sc-gsTEea gXmaEJ"
            >
              1066
               comments
            </span>
          </div>
        </li>
        <li
          class="sc-eCstlR kudgiM"
          data-testid="@test:list:TGlzdDp0M19wZmM2M3Q="
          style="opacity: 1; font-size: 18px; transform: translateX(0px); padding: 12px 6px 12px 12px;"
        >
          <div
            class="sc-iqHYmW krZnLk"
          >
            <svg
              class="sc-kEjbQP drcvGi"
              data-testid="@test:list:TGlzdDp0M19wZmM2M3Q=:unreadcircle"
              fill="currentColor"
              height="12"
              stroke="currentColor"
              stroke-width="0"
              viewBox="0 0 16 16"
              width="12"
              xmlns="http://www.w3.org/2000/svg"
            >
              <circle
                cx="8"
                cy="8"
                r="8"
              />
            </svg>
            <span
              class="sc-crrszt eRsMGT"
            >
              Known_Marzipan_2629
            </span>
            <span
              class="sc-dQoVA hqkYrc"
            >
              2 days ago
            </span>
          </div>
          <div
            class="sc-pGacB bOEeHe"
          >
            <img
              class="sc-fubCzh eXsbcD"
              src="https://b.thumbs.redditmedia.com/K9xWLgUpG65NWonykZClWBRQAfeHQR1xEMFXNKtbWOI.jpg"
            />
            <p
              class="sc-iBPTik dRhPnc"
            >
              Guy saves woman (and her baby) from committing suicide
            </p>
            <svg
              class="sc-jrAFXE cEWMQq"
              fill="currentColor"
              height="18"
              stroke="currentColor"
              stroke-width="0"
              viewBox="0 0 16 16"
              width="18"
              xmlns="http://www.w3.org/2000/svg"
            >
              <path
                clip-rule="evenodd"
                d="M4.646 1.646a.5.5 0 01.708 0l6 6a.5.5 0 010 .708l-6 6a.5.5 0 01-.708-.708L10.293 8 4.646 2.354a.5.5 0 010-.708z"
                fill-rule="evenodd"
              />
            </svg>
          </div>
          <div
            class="sc-gKseQn fdhBAL"
          >
            <div
              class="sc-jSgvzq gOBDhw"
              data-testid="@test:dismiss:list:TGlzdDp0M19wZmM2M3Q="
            >
              <svg
                class="sc-hKgJUU hwUPeY"
                fill="currentColor"
                height="1em"
                stroke="currentColor"
                stroke-width="0"
                style="width: 18px; height: 18px;"
                viewBox="0 0 16 16"
                width="1em"
                xmlns="http://www.w3.org/2000/svg"
              >
                <path
                  clip-rule="evenodd"
                  d="M8 15A7 7 0 108 1a7 7 0 000 14zm0 1A8 8 0 108 0a8 8 0 000 16z"
                  fill-rule="evenodd"
                />
                <path
                  clip-rule="evenodd"
                  d="M11.854 4.146a.5.5 0 010 .708l-7 7a.5.5 0 01-.708-.708l7-7a.5.5 0 01.708 0z"
                  fill-rule="evenodd"
                />
                <path
                  clip-rule="evenodd"
                  d="M4.146 4.146a.5.5 0 000 .708l7 7a.5.5 0 00.708-.708l-7-7a.5.5 0 00-.708 0z"
                  fill-rule="evenodd"
                />
              </svg>
              <span
                class="sc-dlfnuX gDZQpH"
                style="font-weight: 400;"
              >
                Dismiss Post
              </span>
            </div>
            <span
              class="sc-gsTEea gXmaEJ"
            >
              609
               comments
            </span>
          </div>
        </li>
      </ul>
      <button
        class="sc-bqyKOL hbMfpI"
        data-testid="@test:listings:dismissAllBtn"
      >
        Dismiss All
      </button>
    </div>
  </div>,
  "debug": [Function],
  "findAllByAltText": [Function],
  "findAllByDisplayValue": [Function],
  "findAllByLabelText": [Function],
  "findAllByPlaceholderText": [Function],
  "findAllByRole": [Function],
  "findAllByTestId": [Function],
  "findAllByText": [Function],
  "findAllByTitle": [Function],
  "findByAltText": [Function],
  "findByDisplayValue": [Function],
  "findByLabelText": [Function],
  "findByPlaceholderText": [Function],
  "findByRole": [Function],
  "findByTestId": [Function],
  "findByText": [Function],
  "findByTitle": [Function],
  "getAllByAltText": [Function],
  "getAllByDisplayValue": [Function],
  "getAllByLabelText": [Function],
  "getAllByPlaceholderText": [Function],
  "getAllByRole": [Function],
  "getAllByTestId": [Function],
  "getAllByText": [Function],
  "getAllByTitle": [Function],
  "getByAltText": [Function],
  "getByDisplayValue": [Function],
  "getByLabelText": [Function],
  "getByPlaceholderText": [Function],
  "getByRole": [Function],
  "getByTestId": [Function],
  "getByText": [Function],
  "getByTitle": [Function],
  "queryAllByAltText": [Function],
  "queryAllByDisplayValue": [Function],
  "queryAllByLabelText": [Function],
  "queryAllByPlaceholderText": [Function],
  "queryAllByRole": [Function],
  "queryAllByTestId": [Function],
  "queryAllByText": [Function],
  "queryAllByTitle": [Function],
  "queryByAltText": [Function],
  "queryByDisplayValue": [Function],
  "queryByLabelText": [Function],
  "queryByPlaceholderText": [Function],
  "queryByRole": [Function],
  "queryByTestId": [Function],
  "queryByText": [Function],
  "queryByTitle": [Function],
  "rerender": [Function],
  "unmount": [Function],
}
`;
